// Jest Snapshot v1, https://goo.gl/fbAQLP

exports[`<RecorderRoute /> renders 1`] = `
<div
  className="container"
>
  <HelmetWrapper
    encodeSpecialCharacters={true}
  >
    <title>
      recorder - tracta.co
    </title>
  </HelmetWrapper>
  <div
    className="loadingMessage"
  >
    !!Loading!!
  </div>
</div>
`;
