// Jest Snapshot v1, https://goo.gl/fbAQLP

exports[`<RecorderRoute /> renders 1`] = `
<div
  style={
    Object {
      "textAlign": "center",
    }
  }
>
  <HelmetWrapper
    encodeSpecialCharacters={true}
  >
    <title>
      tracta.co - recorder
    </title>
  </HelmetWrapper>
  <div>
    Waiting on encoder to initialize
  </div>
  <div />
</div>
`;
